2025-03-26 17:47:21,567 [Worker-6: Loading available Gradle versions] INFO  o.e.b.c.i.u.g.PublishedGradleVersions - Gradle version information cache is not available. Remote download required.
2026-08-09 12:59:20,934 [Worker-4: Loading available Gradle versions] INFO  o.e.b.c.i.u.g.PublishedGradleVersions - Gradle version information cache is out-of-date. Trying to update.
2026-08-09 15:23:04,258 [Worker-5: Loading available Gradle versions] INFO  o.e.b.c.i.u.g.PublishedGradleVersions - Gradle version information cache is up-to-date. Trying to read.
2026-08-09 15:24:09,343 [Worker-2: Importing Maven projects] INFO  o.e.m.c.i.l.LifecycleMappingFactory - Using org.eclipse.m2e.jdt.JarLifecycleMapping lifecycle mapping for MavenProject: com.tester:managerqa:1.0.0 @ C:\qa-automation\backend\target\classes\META-INF\maven\com.tester\managerqa\pom.xml.
2026-08-09 15:24:15,644 [Worker-2: Importing Maven projects] INFO  o.e.m.j.i.AbstractJavaProjectConfigurator - Adding source folder /managerqa/src/main/java
2026-08-09 15:24:15,645 [Worker-2: Importing Maven projects] INFO  o.e.m.j.i.AbstractJavaProjectConfigurator - Adding resource folder /managerqa/src/main/resources
2026-08-09 15:24:15,647 [Worker-2: Importing Maven projects] INFO  o.e.m.j.i.AbstractJavaProjectConfigurator - Adding resource folder /managerqa/src/main/resources
2026-08-09 15:24:15,647 [Worker-2: Importing Maven projects] INFO  o.e.m.j.i.AbstractJavaProjectConfigurator - Skipping resource folder /managerqa/src/main/resources/static since it's contained by another resource folder
2026-08-09 15:24:15,648 [Worker-2: Importing Maven projects] INFO  o.e.m.j.i.AbstractJavaProjectConfigurator - Adding source folder /managerqa/src/test/java
2026-08-09 15:24:15,650 [Worker-2: Importing Maven projects] INFO  o.e.m.j.i.AbstractJavaProjectConfigurator - Adding resource folder /managerqa/src/test/resources
2026-08-09 15:24:20,046 [Worker-2: Importing Maven projects] INFO  o.e.m.c.i.p.ProjectConfigurationManager - Imported and configured 1 project(s) in 15 sec
2026-08-09 15:24:20,560 [Worker-2: Building] INFO  o.a.m.s.f.DefaultMavenResourcesFiltering - skip non existing resourceDirectory C:\qa-automation\backend\target\classes\META-INF\maven\com.tester\managerqa\src\main\resources
2026-08-09 15:24:20,560 [Worker-2: Building] INFO  o.a.m.s.f.DefaultMavenResourcesFiltering - skip non existing resourceDirectory C:\qa-automation\backend\target\classes\META-INF\maven\com.tester\managerqa\src\main\resources
2026-08-09 15:24:20,560 [Worker-2: Building] INFO  o.a.m.s.f.DefaultMavenResourcesFiltering - skip non existing resourceDirectory C:\qa-automation\backend\target\classes\META-INF\maven\com.tester\managerqa\src\main\resources\static
2026-08-09 15:24:20,565 [Worker-2: Building] INFO  o.a.m.s.f.DefaultMavenResourcesFiltering - skip non existing resourceDirectory C:\qa-automation\backend\target\classes\META-INF\maven\com.tester\managerqa\src\test\resources
2026-08-09 15:26:14,959 [Worker-1: Loading available Gradle versions] INFO  o.e.b.c.i.u.g.PublishedGradleVersions - Gradle version information cache is up-to-date. Trying to read.
2026-08-09 15:27:36,697 [Worker-7: Updating Maven Project] INFO  o.e.m.c.i.p.ProjectConfigurationManager - Update started
2026-08-09 15:27:37,559 [Worker-7: Updating Maven Project] INFO  o.e.m.c.i.l.LifecycleMappingFactory - Using org.eclipse.m2e.jdt.JarLifecycleMapping lifecycle mapping for MavenProject: com.tester:managerqa:1.0.0 @ C:\qa-automation\backend\target\classes\META-INF\maven\com.tester\managerqa\pom.xml.
2026-08-09 15:27:38,489 [Worker-7: Updating Maven Project] INFO  o.e.m.j.i.AbstractJavaProjectConfigurator - Adding source folder /managerqa/src/main/java
2026-08-09 15:27:38,491 [Worker-7: Updating Maven Project] INFO  o.e.m.j.i.AbstractJavaProjectConfigurator - Adding resource folder /managerqa/src/main/resources
2026-08-09 15:27:38,491 [Worker-7: Updating Maven Project] INFO  o.e.m.j.i.AbstractJavaProjectConfigurator - Adding resource folder /managerqa/src/main/resources
2026-08-09 15:27:38,492 [Worker-7: Updating Maven Project] INFO  o.e.m.j.i.AbstractJavaProjectConfigurator - Skipping resource folder /managerqa/src/main/resources/static since it's contained by another resource folder
2026-08-09 15:27:38,493 [Worker-7: Updating Maven Project] INFO  o.e.m.j.i.AbstractJavaProjectConfigurator - Adding source folder /managerqa/src/test/java
2026-08-09 15:27:38,494 [Worker-7: Updating Maven Project] INFO  o.e.m.j.i.AbstractJavaProjectConfigurator - Adding resource folder /managerqa/src/test/resources
2026-08-09 15:27:38,906 [Worker-7: Updating Maven Project] INFO  o.e.m.c.i.p.ProjectConfigurationManager - Update completed for 1 poms: local refresh takes 0,00 sec, refresh facades takes 1,00 sec, update config takes 0,00 sec 
2026-08-09 15:27:39,134 [Worker-9: Building] INFO  o.a.m.s.f.DefaultMavenResourcesFiltering - skip non existing resourceDirectory C:\qa-automation\backend\target\classes\META-INF\maven\com.tester\managerqa\src\main\resources
2026-08-09 15:27:39,134 [Worker-9: Building] INFO  o.a.m.s.f.DefaultMavenResourcesFiltering - skip non existing resourceDirectory C:\qa-automation\backend\target\classes\META-INF\maven\com.tester\managerqa\src\main\resources
2026-08-09 15:27:39,134 [Worker-9: Building] INFO  o.a.m.s.f.DefaultMavenResourcesFiltering - skip non existing resourceDirectory C:\qa-automation\backend\target\classes\META-INF\maven\com.tester\managerqa\src\main\resources\static
2026-08-09 15:27:39,139 [Worker-9: Building] INFO  o.a.m.s.f.DefaultMavenResourcesFiltering - skip non existing resourceDirectory C:\qa-automation\backend\target\classes\META-INF\maven\com.tester\managerqa\src\test\resources
2026-08-09 15:28:12,728 [Worker-5: Loading available Gradle versions] INFO  o.e.b.c.i.u.g.PublishedGradleVersions - Gradle version information cache is up-to-date. Trying to read.
2026-08-09 15:29:25,918 [Worker-5: Loading available Gradle versions] INFO  o.e.b.c.i.u.g.PublishedGradleVersions - Gradle version information cache is up-to-date. Trying to read.
